~/workspace$ git pull origin main
From https://github.com/agwamawar/blowupai
 * branch            main       -> FETCH_HEAD
Already up to date.
 Environment updated. Reloading shell...
~/workspace$ git commit -m "Resolved merge conflicts"
On branch main
Your branch is ahead of 'origin/main' by 16 commits.
  (use "git push" to publish your local commits)

nothing to commit, working tree clean
~/workspace$ git push origin main
Enumerating objects: 131, done.
Counting objects: 100% (131/131), done.
Delta compression using up to 8 threads
Compressing objects: 100% (103/103), done.
Writing objects: 100% (108/108), 65.22 KiB | 1.12 MiB/s, done.
Total 108 (delta 72), reused 0 (delta 0), pack-reused 0 (from 0)
remote: Resolving deltas: 100% (72/72), completed with 16 local objects.
remote: error: GH013: Repository rule violations found for refs/heads/main.
remote: 
remote: - GITHUB PUSH PROTECTION
remote:   —————————————————————————————————————————
remote:     Resolve the following violations before pushing again
remote: 
remote:     - Push cannot contain secrets
remote: 
remote:     
remote:      (?) Learn how to resolve a blocked push
remote:      https://docs.github.com/code-security/secret-scanning/working-with-secret-scanning-and-push-protection/working-with-push-protection-from-the-command-line#resolving-a-blocked-push
remote:     
remote:      (?) This repository does not have Secret Scanning enabled, but is eligible. Enable Secret Scanning to view and manage detected secrets.
remote:      Visit the repository settings page, https://github.com/agwamawar/blowupai/settings/security_analysis
remote:     
remote:     
remote:       —— Google Cloud Service Account Credentials ——————————
remote:        locations:
remote:          - commit: 946319e27b5f43a37807e739084a43e757ed6c26
remote:            path: attached_assets/blowup-ai-firebase-adminsdk-fbsvc-c9688f3b68.json:1
remote:     
remote:        (?) To push, remove secret from commit(s) or follow this URL to allow the secret.
remote:        https://github.com/agwamawar/blowupai/security/secret-scanning/unblock-secret/2vA8IafLJZbPVWbLzVWYAk3zNxb
remote:     
remote: 
remote: 
To https://github.com/agwamawar/blowupai
 ! [remote rejected] main -> main (push declined due to repository rule violations)
error: failed to push some refs to 'https://github.com/agwamawar/blowupai'